../Drivers/STM32WLxx_HAL_Driver/Inc/stm32wlxx_ll_bus.h:449:22:LL_AHB2_GRP1_EnableClock	24	static
../Core/Src/main.c:74:5:main	56	static
../Core/Src/main.c:309:6:SystemClock_Config	112	static
../Core/Src/main.c:352:13:MX_SUBGHZ_Init	8	static
../Core/Src/main.c:378:13:MX_USART1_UART_Init	8	static
../Core/Src/main.c:426:13:MX_GPIO_Init	8	static
../Core/Src/main.c:440:6:uint8_to_bits	24	static
../Core/Src/main.c:447:6:reset_uart_buff	16	static
../Core/Src/main.c:460:6:Error_Handler	4	static,ignoring_inline_asm
